Microchip MPLAB XC8 Compiler V1.45 ()

Linker command line:

--edf=C:\Program Files (x86)\Microchip\xc8\v1.45\dat\en_msgs.txt -cs \
  -h+dist/default/production\MyFirstPIC12Proj.X.production.sym \
  --cmf=dist/default/production\MyFirstPIC12Proj.X.production.cmf -z \
  -Q12F1822 -oC:\Users\sunkai\AppData\Local\Temp\sis4.2 \
  -Mdist/default/production/MyFirstPIC12Proj.X.production.map -E1 -ver=XC8 \
  -ASTACK=0204Ch-0206fh -pstack=STACK -ACODE=00h-07FFh -ASTRCODE=00h-07FFh \
  -ASTRING=00h-0FFhx8 -ACONST=00h-0FFhx8 -AENTRY=00h-0FFhx8 \
  -ACOMMON=070h-07Fh -ABANK0=020h-06Fh -ABANK1=0A0h-0BFh \
  -ABIGRAM=02000h-0206Fh -ARAM=020h-06Fh,0A0h-0BFh \
  -AABS1=020h-07Fh,0A0h-0BFh -ASFR0=00h-01Fh -ASFR1=080h-09Fh \
  -ASFR2=0100h-016Fh -ASFR3=0180h-01EFh -ASFR4=0200h-026Fh \
  -ASFR5=0280h-02EFh -ASFR6=0300h-036Fh -ASFR7=0380h-03EFh \
  -ASFR8=0400h-046Fh -ASFR9=0480h-04EFh -ASFR10=0500h-056Fh \
  -ASFR11=0580h-05EFh -ASFR12=0600h-066Fh -ASFR13=0680h-06EFh \
  -ASFR14=0700h-076Fh -ASFR15=0780h-07EFh -ASFR16=0800h-086Fh \
  -ASFR17=0880h-08EFh -ASFR18=0900h-096Fh -ASFR19=0980h-09EFh \
  -ASFR20=0A00h-0A6Fh -ASFR21=0A80h-0AEFh -ASFR22=0B00h-0B6Fh \
  -ASFR23=0B80h-0BEFh -ASFR24=0C00h-0C6Fh -ASFR25=0C80h-0CEFh \
  -ASFR26=0D00h-0D6Fh -ASFR27=0D80h-0DEFh -ASFR28=0E00h-0E6Fh \
  -ASFR29=0E80h-0EEFh -ASFR30=0F00h-0F6Fh -ASFR31=0F80h-0FEFh \
  -preset_vec=00h,intentry,init,end_init -ppowerup=CODE -pcinit=CODE \
  -pfunctab=ENTRY -ACONFIG=08007h-08008h -pconfig=CONFIG -DCONFIG=2 \
  -AIDLOC=08000h-08003h -pidloc=IDLOC -DIDLOC=2 -AEEDATA=00h-0FFh/0F000h \
  -peeprom_data=EEDATA -DEEDATA=2 -DCODE=2 -DSTRCODE=2 -DSTRING=2 -DCONST=2 \
  -DENTRY=2 -k C:\Users\sunkai\AppData\Local\Temp\sis4.obj \
  dist/default/production\MyFirstPIC12Proj.X.production.obj 

Object code version is 3.11

Machine type is 12F1822



                Name                               Link     Load   Length Selector   Space Scale
C:\Users\sunkai\AppData\Local\Temp\sis4.obj
                end_init                              1        1        1        0       0
                reset_vec                             0        0        1        0       0
                config                             8007     8007        2    1000E       0
dist/default/production\MyFirstPIC12Proj.X.production.obj
                cinit                               7FE      7FE        2      FFC       0
                text23                              10A      10A       14      214       0
                text22                               43       43        8       86       0
                text21                               65       65        B       CA       0
                text20                               70       70        C       E0       0
                text19                               36       36        6       6C       0
                text18                               A4       A4       10      148       0
                text17                               33       33        3       66       0
                text16                               4B       4B        8       96       0
                text15                               3C       3C        7       78       0
                text14                              20D      20D       64      41A       0
                text13                              2F8      2F8       B3      5F0       0
                text12                              271      271       87      4E2       0
                text11                               F8       F8       12      1F0       0
                text10                               53       53        8       A6       0
                text9                                B4       B4       11      168       0
                text8                                C5       C5       11      18A       0
                text7                               1A3      1A3       34      346       0
                text6                               177      177       2C      2EE       0
                text5                               11E      11E       1B      23C       0
                text4                                88       88        E      110       0
                text3                               3AB      3AB      453      756       0
                text2                                96       96        E      12C       0
                text1                               154      154       23      2A8       0
                maintext                            1D7      1D7       36      3AE       0
                cstackBANK0                          20       20       4C       20       1
                cstackCOMMON                         70       70        E       70       1
                stringtext5                          D6       D6       11      1AC       0
                stringtext4                          E7       E7       11      1CE       0
                stringtext3                         139      139       1B      272       0
                stringtext2                          5B       5B        A       B6       0
                stringtext1                          7C       7C        C       F8       0

TOTAL           Name                               Link     Load   Length     Space
        CLASS   STACK          

        CLASS   CODE           
                end_init                              1        1        1         0
                cinit                               7FE      7FE        2         0
                reset_vec                             0        0        1         0
                text23                              10A      10A       14         0
                text22                               43       43        8         0
                text21                               65       65        B         0
                text20                               70       70        C         0
                text19                               36       36        6         0
                text18                               A4       A4       10         0
                text17                               33       33        3         0
                text16                               4B       4B        8         0
                text15                               3C       3C        7         0
                text14                              20D      20D       64         0
                text13                              2F8      2F8       B3         0
                text12                              271      271       87         0
                text11                               F8       F8       12         0
                text10                               53       53        8         0
                text9                                B4       B4       11         0
                text8                                C5       C5       11         0
                text7                               1A3      1A3       34         0
                text6                               177      177       2C         0
                text5                               11E      11E       1B         0
                text4                                88       88        E         0
                text3                               3AB      3AB      453         0
                text2                                96       96        E         0
                text1                               154      154       23         0
                maintext                            1D7      1D7       36         0

        CLASS   STRCODE        
                stringtext5                          D6       D6       11         0
                stringtext4                          E7       E7       11         0
                stringtext3                         139      139       1B         0
                stringtext2                          5B       5B        A         0
                stringtext1                          7C       7C        C         0

        CLASS   STRING         

        CLASS   CONST          

        CLASS   ENTRY          

        CLASS   COMMON         
                cstackCOMMON                         70       70        E         1

        CLASS   BANK0          
                cstackBANK0                          20       20       4C         1

        CLASS   BANK1          

        CLASS   BIGRAM         

        CLASS   RAM            

        CLASS   ABS1           
                abs_s1                               7E       7E        2         1

        CLASS   SFR0           

        CLASS   SFR1           

        CLASS   SFR2           

        CLASS   SFR3           

        CLASS   SFR4           

        CLASS   SFR5           

        CLASS   SFR6           

        CLASS   SFR7           

        CLASS   SFR8           

        CLASS   SFR9           

        CLASS   SFR10          

        CLASS   SFR11          

        CLASS   SFR12          

        CLASS   SFR13          

        CLASS   SFR14          

        CLASS   SFR15          

        CLASS   SFR16          

        CLASS   SFR17          

        CLASS   SFR18          

        CLASS   SFR19          

        CLASS   SFR20          

        CLASS   SFR21          

        CLASS   SFR22          

        CLASS   SFR23          

        CLASS   SFR24          

        CLASS   SFR25          

        CLASS   SFR26          

        CLASS   SFR27          

        CLASS   SFR28          

        CLASS   SFR29          

        CLASS   SFR30          

        CLASS   SFR31          

        CLASS   CONFIG         
                config                             8007     8007        2         0

        CLASS   IDLOC          

        CLASS   EEDATA         

        CLASS   BANK31         

        CLASS   BANK30         

        CLASS   BANK29         

        CLASS   BANK28         

        CLASS   BANK27         

        CLASS   BANK26         

        CLASS   BANK25         

        CLASS   BANK24         

        CLASS   BANK23         

        CLASS   BANK22         

        CLASS   BANK21         

        CLASS   BANK20         

        CLASS   BANK19         

        CLASS   BANK18         

        CLASS   BANK17         

        CLASS   BANK16         

        CLASS   BANK15         

        CLASS   BANK14         

        CLASS   BANK13         

        CLASS   BANK12         

        CLASS   BANK11         

        CLASS   BANK10         

        CLASS   BANK9          

        CLASS   BANK8          

        CLASS   BANK7          

        CLASS   BANK6          

        CLASS   BANK5          

        CLASS   BANK4          

        CLASS   BANK3          

        CLASS   BANK2          



SEGMENTS        Name                           Load    Length   Top    Selector   Space  Class     Delta

                reset_vec                      000000  000002  000002         0       0  CODE        2
                cstackBANK0                    000020  00004C  00006C        20       1  BANK0       1
                text17                         000033  000003  000036        66       0  CODE        2
                text19                         000036  000006  00003C        6C       0  CODE        2
                cstackCOMMON                   000070  00000E  00007E        70       1  COMMON      1
                text15                         00003C  000007  000043        78       0  CODE        2
                text22                         000043  000008  00004B        86       0  CODE        2
                text16                         00004B  000008  000053        96       0  CODE        2
                text10                         000053  000008  00005B        A6       0  CODE        2
                stringtext2                    00005B  00000A  000065        B6       0  STRCODE     2
                text21                         000065  00000B  000070        CA       0  CODE        2
                text20                         000070  00000C  00007C        E0       0  CODE        2
                stringtext1                    00007C  00000C  000088        F8       0  STRCODE     2
                text4                          000088  00000E  000096       110       0  CODE        2
                text2                          000096  00000E  0000A4       12C       0  CODE        2
                text18                         0000A4  000010  0000B4       148       0  CODE        2
                text9                          0000B4  000011  0000C5       168       0  CODE        2
                text8                          0000C5  000011  0000D6       18A       0  CODE        2
                stringtext5                    0000D6  000011  0000E7       1AC       0  STRCODE     2
                stringtext4                    0000E7  000011  0000F8       1CE       0  STRCODE     2
                text11                         0000F8  000012  00010A       1F0       0  CODE        2
                text23                         00010A  000014  00011E       214       0  CODE        2
                text5                          00011E  00001B  000139       23C       0  CODE        2
                stringtext3                    000139  00001B  000154       272       0  STRCODE     2
                text1                          000154  000023  000177       2A8       0  CODE        2
                text6                          000177  00002C  0001A3       2EE       0  CODE        2
                text7                          0001A3  000034  0001D7       346       0  CODE        2
                maintext                       0001D7  000036  00020D       3AE       0  CODE        2
                text14                         00020D  000064  000271       41A       0  CODE        2
                text12                         000271  000087  0002F8       4E2       0  CODE        2
                text13                         0002F8  0000B3  0003AB       5F0       0  CODE        2
                text3                          0003AB  000453  0007FE       756       0  CODE        2
                cinit                          0007FE  000002  000800       FFC       0  CODE        2
                config                         008007  000002  008009     1000E       0  CONFIG      2


UNUSED ADDRESS RANGES

        Name                Unused          Largest block    Delta
        BANK0            0006C-0006F               4           1
        BANK1            000A0-000BF              20           1
        BIGRAM           02000-0206F              70           1
        CODE             00002-00032              31           2
        CONST            00002-00032              31           2
        EEDATA           0F000-0F0FF             100           2
        ENTRY            00002-00032              31           2
        IDLOC            08000-08003               4           2
        RAM              0006C-0006F               4           1
                         000A0-000BF              20
        SFR0             00000-0001F              20           1
        SFR1             00080-0009F              20           1
        SFR10            00500-0056F              70           1
        SFR11            00580-005EF              70           1
        SFR12            00600-0066F              70           1
        SFR13            00680-006EF              70           1
        SFR14            00700-0076F              70           1
        SFR15            00780-007EF              70           1
        SFR16            00800-0086F              70           1
        SFR17            00880-008EF              70           1
        SFR18            00900-0096F              70           1
        SFR19            00980-009EF              70           1
        SFR2             00100-0016F              70           1
        SFR20            00A00-00A6F              70           1
        SFR21            00A80-00AEF              70           1
        SFR22            00B00-00B6F              70           1
        SFR23            00B80-00BEF              70           1
        SFR24            00C00-00C6F              70           1
        SFR25            00C80-00CEF              70           1
        SFR26            00D00-00D6F              70           1
        SFR27            00D80-00DEF              70           1
        SFR28            00E00-00E6F              70           1
        SFR29            00E80-00EEF              70           1
        SFR3             00180-001EF              70           1
        SFR30            00F00-00F6F              70           1
        SFR31            00F80-00FEF              70           1
        SFR4             00200-0026F              70           1
        SFR5             00280-002EF              70           1
        SFR6             00300-0036F              70           1
        SFR7             00380-003EF              70           1
        SFR8             00400-0046F              70           1
        SFR9             00480-004EF              70           1
        STACK            0204C-0206F              24           1
        STRCODE          00002-00032              31           2
        STRING           00002-00032              31           2

                                  Symbol Table

?_ADC_GetConversion              cstackCOMMON 00070
?___ftmul                        cstackBANK0  00020
?___ftpack                       cstackCOMMON 00070
?___fttol                        cstackBANK0  00030
?___lwdiv                        cstackCOMMON 00070
?___lwmod                        cstackCOMMON 00078
?___lwtoft                       cstackCOMMON 00078
?___wmul                         cstackCOMMON 00070
?_sprintf                        cstackBANK0  00020
ADC_GetConversion@channel        cstackCOMMON 00073
EUSART_Write@txData              cstackCOMMON 00070
_ADCON0                          (abs)        0009D
_ADCON0bits                      (abs)        0009D
_ADCON1                          (abs)        0009E
_ADC_GetConversion               text23       0010A
_ADC_Initialize                  text22       00043
_ADRESH                          (abs)        0009C
_ADRESL                          (abs)        0009B
_ANSELA                          (abs)        0018C
_APFCON                          (abs)        0011D
_BAUDCON                         (abs)        0019F
_CCP1CON                         (abs)        00293
_CCPR1H                          (abs)        00292
_CCPR1L                          (abs)        00291
_ECCP1AS                         (abs)        00295
_EPWM1_Initialize                text21       00065
_EUSART_Initialize               text20       00070
_EUSART_Write                    text10       00053
_LATA                            (abs)        0010C
_OPTION_REGbits                  (abs)        00095
_OSCCON                          (abs)        00099
_OSCILLATOR_Initialize           text19       00036
_OSCSTAT                         (abs)        0009A
_OSCTUNE                         (abs)        00098
_PIN_MANAGER_Initialize          text18       000A4
_PIR1bits                        (abs)        00011
_PR2                             (abs)        0001B
_PSTR1CON                        (abs)        00296
_PWM1CON                         (abs)        00294
_RCREG                           (abs)        00199
_RCSTA                           (abs)        0019D
_RCSTAbits                       (abs)        0019D
_SPBRGH                          (abs)        0019C
_SPBRGL                          (abs)        0019B
_SYSTEM_Initialize               text15       0003C
_T2CON                           (abs)        0001C
_T2CONbits                       (abs)        0001C
_TMR2                            (abs)        0001A
_TMR2_Initialize                 text16       0004B
_TMR2_StartTimer                 text17       00033
_TRISA                           (abs)        0008C
_TXREG                           (abs)        0019A
_TXSTA                           (abs)        0019E
_WPUA                            (abs)        0020C
__CFG_BOREN$ON                   (abs)        00000
__CFG_BORV$LO                    (abs)        00000
__CFG_CLKOUTEN$OFF               (abs)        00000
__CFG_CP$OFF                     (abs)        00000
__CFG_CPD$OFF                    (abs)        00000
__CFG_FCMEN$ON                   (abs)        00000
__CFG_FOSC$INTOSC                (abs)        00000
__CFG_IESO$ON                    (abs)        00000
__CFG_LVP$OFF                    (abs)        00000
__CFG_MCLRE$ON                   (abs)        00000
__CFG_PLLEN$ON                   (abs)        00000
__CFG_PWRTE$OFF                  (abs)        00000
__CFG_STVREN$ON                  (abs)        00000
__CFG_WDTE$OFF                   (abs)        00000
__CFG_WRT$OFF                    (abs)        00000
__Habs1                          abs1         00000
__Hbank0                         bank0        00000
__Hbank1                         bank1        00000
__Hbank10                        bank10       00000
__Hbank11                        bank11       00000
__Hbank12                        bank12       00000
__Hbank13                        bank13       00000
__Hbank14                        bank14       00000
__Hbank15                        bank15       00000
__Hbank16                        bank16       00000
__Hbank17                        bank17       00000
__Hbank18                        bank18       00000
__Hbank19                        bank19       00000
__Hbank2                         bank2        00000
__Hbank20                        bank20       00000
__Hbank21                        bank21       00000
__Hbank22                        bank22       00000
__Hbank23                        bank23       00000
__Hbank24                        bank24       00000
__Hbank25                        bank25       00000
__Hbank26                        bank26       00000
__Hbank27                        bank27       00000
__Hbank28                        bank28       00000
__Hbank29                        bank29       00000
__Hbank3                         bank3        00000
__Hbank30                        bank30       00000
__Hbank31                        bank31       00000
__Hbank4                         bank4        00000
__Hbank5                         bank5        00000
__Hbank6                         bank6        00000
__Hbank7                         bank7        00000
__Hbank8                         bank8        00000
__Hbank9                         bank9        00000
__Hbigram                        bigram       00000
__Hcinit                         cinit        00800
__Hclrtext                       clrtext      00000
__Hcode                          code         00000
__Hcommon                        common       00000
__Hconfig                        config       08009
__HcstackBANK0                   cstackBANK0  00000
__HcstackCOMMON                  cstackCOMMON 00000
__Heeprom_data                   eeprom_data  00000
__Hend_init                      end_init     00002
__Hfunctab                       functab      00000
__Hidloc                         idloc        00000
__Hinit                          init         00001
__Hintentry                      intentry     00001
__Hmaintext                      maintext     00000
__Hpowerup                       powerup      00000
__Hram                           ram          00000
__Hreset_vec                     reset_vec    00001
__Hsfr0                          sfr0         00000
__Hsfr1                          sfr1         00000
__Hsfr10                         sfr10        00000
__Hsfr11                         sfr11        00000
__Hsfr12                         sfr12        00000
__Hsfr13                         sfr13        00000
__Hsfr14                         sfr14        00000
__Hsfr15                         sfr15        00000
__Hsfr16                         sfr16        00000
__Hsfr17                         sfr17        00000
__Hsfr18                         sfr18        00000
__Hsfr19                         sfr19        00000
__Hsfr2                          sfr2         00000
__Hsfr20                         sfr20        00000
__Hsfr21                         sfr21        00000
__Hsfr22                         sfr22        00000
__Hsfr23                         sfr23        00000
__Hsfr24                         sfr24        00000
__Hsfr25                         sfr25        00000
__Hsfr26                         sfr26        00000
__Hsfr27                         sfr27        00000
__Hsfr28                         sfr28        00000
__Hsfr29                         sfr29        00000
__Hsfr3                          sfr3         00000
__Hsfr30                         sfr30        00000
__Hsfr31                         sfr31        00000
__Hsfr4                          sfr4         00000
__Hsfr5                          sfr5         00000
__Hsfr6                          sfr6         00000
__Hsfr7                          sfr7         00000
__Hsfr8                          sfr8         00000
__Hsfr9                          sfr9         00000
__Hspace_0                       (abs)        08009
__Hspace_1                       (abs)        0007E
__Hspace_2                       (abs)        00000
__Hspace_3                       (abs)        00000
__Hstack                         stack        00000
__Hstrings                       strings      00000
__Hstringtext1                   stringtext1  00000
__Hstringtext2                   stringtext2  00000
__Hstringtext3                   stringtext3  00000
__Hstringtext4                   stringtext4  00000
__Hstringtext5                   stringtext5  00000
__Hstringtext6                   stringtext6  00000
__Htext                          text         00000
__Labs1                          abs1         00000
__Lbank0                         bank0        00000
__Lbank1                         bank1        00000
__Lbank10                        bank10       00000
__Lbank11                        bank11       00000
__Lbank12                        bank12       00000
__Lbank13                        bank13       00000
__Lbank14                        bank14       00000
__Lbank15                        bank15       00000
__Lbank16                        bank16       00000
__Lbank17                        bank17       00000
__Lbank18                        bank18       00000
__Lbank19                        bank19       00000
__Lbank2                         bank2        00000
__Lbank20                        bank20       00000
__Lbank21                        bank21       00000
__Lbank22                        bank22       00000
__Lbank23                        bank23       00000
__Lbank24                        bank24       00000
__Lbank25                        bank25       00000
__Lbank26                        bank26       00000
__Lbank27                        bank27       00000
__Lbank28                        bank28       00000
__Lbank29                        bank29       00000
__Lbank3                         bank3        00000
__Lbank30                        bank30       00000
__Lbank31                        bank31       00000
__Lbank4                         bank4        00000
__Lbank5                         bank5        00000
__Lbank6                         bank6        00000
__Lbank7                         bank7        00000
__Lbank8                         bank8        00000
__Lbank9                         bank9        00000
__Lbigram                        bigram       00000
__Lcinit                         cinit        007FE
__Lclrtext                       clrtext      00000
__Lcode                          code         00000
__Lcommon                        common       00000
__Lconfig                        config       08007
__LcstackBANK0                   cstackBANK0  00000
__LcstackCOMMON                  cstackCOMMON 00000
__Leeprom_data                   eeprom_data  00000
__Lend_init                      end_init     00001
__Lfunctab                       functab      00000
__Lidloc                         idloc        00000
__Linit                          init         00001
__Lintentry                      intentry     00001
__Lmaintext                      maintext     00000
__Lpowerup                       powerup      00000
__Lram                           ram          00000
__Lreset_vec                     reset_vec    00000
__Lsfr0                          sfr0         00000
__Lsfr1                          sfr1         00000
__Lsfr10                         sfr10        00000
__Lsfr11                         sfr11        00000
__Lsfr12                         sfr12        00000
__Lsfr13                         sfr13        00000
__Lsfr14                         sfr14        00000
__Lsfr15                         sfr15        00000
__Lsfr16                         sfr16        00000
__Lsfr17                         sfr17        00000
__Lsfr18                         sfr18        00000
__Lsfr19                         sfr19        00000
__Lsfr2                          sfr2         00000
__Lsfr20                         sfr20        00000
__Lsfr21                         sfr21        00000
__Lsfr22                         sfr22        00000
__Lsfr23                         sfr23        00000
__Lsfr24                         sfr24        00000
__Lsfr25                         sfr25        00000
__Lsfr26                         sfr26        00000
__Lsfr27                         sfr27        00000
__Lsfr28                         sfr28        00000
__Lsfr29                         sfr29        00000
__Lsfr3                          sfr3         00000
__Lsfr30                         sfr30        00000
__Lsfr31                         sfr31        00000
__Lsfr4                          sfr4         00000
__Lsfr5                          sfr5         00000
__Lsfr6                          sfr6         00000
__Lsfr7                          sfr7         00000
__Lsfr8                          sfr8         00000
__Lsfr9                          sfr9         00000
__Lspace_0                       (abs)        00000
__Lspace_1                       (abs)        00000
__Lspace_2                       (abs)        00000
__Lspace_3                       (abs)        00000
__Lstack                         stack        00000
__Lstrings                       strings      00000
__Lstringtext1                   stringtext1  00000
__Lstringtext2                   stringtext2  00000
__Lstringtext3                   stringtext3  00000
__Lstringtext4                   stringtext4  00000
__Lstringtext5                   stringtext5  00000
__Lstringtext6                   stringtext6  00000
__Ltext                          text         00000
__S0                             (abs)        08009
__S1                             (abs)        0007E
__S2                             (abs)        00000
__S3                             (abs)        00000
___bmul                          text8        000C5
___bmul@multiplicand             cstackCOMMON 00070
___bmul@multiplier               cstackCOMMON 00073
___bmul@product                  cstackCOMMON 00072
___ftmul                         text13       002F8
___ftmul@cntr                    cstackBANK0  0002E
___ftmul@exp                     cstackBANK0  0002A
___ftmul@f1                      cstackBANK0  00020
___ftmul@f2                      cstackBANK0  00023
___ftmul@f3_as_product           cstackBANK0  0002B
___ftmul@sign                    cstackBANK0  0002F
___ftpack                        text14       0020D
___ftpack@arg                    cstackCOMMON 00070
___ftpack@exp                    cstackCOMMON 00073
___ftpack@sign                   cstackCOMMON 00074
___fttol                         text12       00271
___fttol@exp1                    cstackBANK0  0003D
___fttol@f1                      cstackBANK0  00030
___fttol@lval                    cstackBANK0  00039
___fttol@sign1                   cstackBANK0  00038
___int_sp                        stack        00000
___latbits                       (abs)        00000
___lwdiv                         text7        001A3
___lwdiv@counter                 cstackCOMMON 00077
___lwdiv@dividend                cstackCOMMON 00072
___lwdiv@divisor                 cstackCOMMON 00070
___lwdiv@quotient                cstackCOMMON 00075
___lwmod                         text6        00177
___lwmod@counter                 cstackCOMMON 0007D
___lwmod@dividend                cstackCOMMON 0007A
___lwmod@divisor                 cstackCOMMON 00078
___lwtoft                        text11       000F8
___lwtoft@c                      cstackCOMMON 00078
___sp                            stack        00000
___wmul                          text5        0011E
___wmul@multiplicand             cstackCOMMON 00072
___wmul@multiplier               cstackCOMMON 00070
___wmul@product                  cstackCOMMON 00074
__end_of_ADC_GetConversion       text23       0011E
__end_of_ADC_Initialize          text22       0004B
__end_of_EPWM1_Initialize        text21       00070
__end_of_EUSART_Initialize       text20       0007C
__end_of_EUSART_Write            text10       0005B
__end_of_OSCILLATOR_Initialize   text19       0003C
__end_of_PIN_MANAGER_Initialize  text18       000B4
__end_of_SYSTEM_Initialize       text15       00043
__end_of_TMR2_Initialize         text16       00053
__end_of_TMR2_StartTimer         text17       00036
__end_of___bmul                  text8        000D6
__end_of___ftmul                 text13       003AB
__end_of___ftpack                text14       00271
__end_of___fttol                 text12       002F8
__end_of___lwdiv                 text7        001D7
__end_of___lwmod                 text6        001A3
__end_of___lwtoft                text11       0010A
__end_of___wmul                  text5        00139
__end_of__initialization         cinit        007FE
__end_of_addlog                  text2        000A4
__end_of_delay_us                text1        00177
__end_of_dpowers                 stringtext2  00065
__end_of_hexpowers               stringtext3  00141
__end_of_isdigit                 text4        00096
__end_of_main                    maintext     0020D
__end_of_octpowers               stringtext1  00088
__end_of_sendString              text9        000C5
__end_of_sprintf                 text3        007FE
__initialization                 cinit        007FE
__pcstackBANK0                   cstackBANK0  00020
__pcstackCOMMON                  cstackCOMMON 00070
__pmaintext                      maintext     001D7
__pstringtext1                   stringtext1  0007C
__pstringtext2                   stringtext2  0005B
__pstringtext3                   stringtext3  00139
__pstringtext4                   stringtext4  000E7
__pstringtext5                   stringtext5  000D6
__pstringtext6                   stringtext6  00000
__ptext1                         text1        00154
__ptext10                        text10       00053
__ptext11                        text11       000F8
__ptext12                        text12       00271
__ptext13                        text13       002F8
__ptext14                        text14       0020D
__ptext15                        text15       0003C
__ptext16                        text16       0004B
__ptext17                        text17       00033
__ptext18                        text18       000A4
__ptext19                        text19       00036
__ptext2                         text2        00096
__ptext20                        text20       00070
__ptext21                        text21       00065
__ptext22                        text22       00043
__ptext23                        text23       0010A
__ptext3                         text3        003AB
__ptext4                         text4        00088
__ptext5                         text5        0011E
__ptext6                         text6        00177
__ptext7                         text7        001A3
__ptext8                         text8        000C5
__ptext9                         text9        000B4
__size_of_ADC_GetConversion      (abs)        00000
__size_of_ADC_Initialize         (abs)        00000
__size_of_EPWM1_Initialize       (abs)        00000
__size_of_EUSART_Initialize      (abs)        00000
__size_of_EUSART_Write           (abs)        00000
__size_of_OSCILLATOR_Initialize  (abs)        00000
__size_of_PIN_MANAGER_Initialize (abs)        00000
__size_of_SYSTEM_Initialize      (abs)        00000
__size_of_TMR2_Initialize        (abs)        00000
__size_of_TMR2_StartTimer        (abs)        00000
__size_of___bmul                 (abs)        00000
__size_of___ftmul                (abs)        00000
__size_of___ftpack               (abs)        00000
__size_of___fttol                (abs)        00000
__size_of___lwdiv                (abs)        00000
__size_of___lwmod                (abs)        00000
__size_of___lwtoft               (abs)        00000
__size_of___wmul                 (abs)        00000
__size_of_addlog                 (abs)        00000
__size_of_delay_us               (abs)        00000
__size_of_isdigit                (abs)        00000
__size_of_main                   (abs)        00000
__size_of_sendString             (abs)        00000
__size_of_sprintf                (abs)        00000
_addlog                          text2        00096
_delay_us                        text1        00154
_dpowers                         stringtext2  0005B
_hexpowers                       stringtext3  00139
_isdigit                         text4        00088
_isdigit$576                     cstackCOMMON 00070
_main                            maintext     001D7
_octpowers                       stringtext1  0007C
_sendString                      text9        000B4
_sprintf                         text3        003AB
_sprintf$383                     cstackBANK0  00028
_sprintf$384                     cstackBANK0  0002A
_sprintf$390                     cstackBANK0  0002C
addlog@buf                       cstackBANK0  00042
addlog@data                      cstackBANK0  00040
addlog@tmp                       cstackBANK0  0003E
btemp                            (abs)        0007E
delay_us@i                       cstackCOMMON 00072
delay_us@j                       cstackCOMMON 00074
delay_us@t                       cstackCOMMON 00070
end_of_initialization            cinit        007FE
intlevel0                        functab      00000
intlevel1                        functab      00000
intlevel2                        functab      00000
intlevel3                        functab      00000
intlevel4                        functab      00000
intlevel5                        functab      00000
isdigit@c                        cstackCOMMON 00071
main@adcval                      cstackBANK0  0006A
reset_vec                        reset_vec    00000
sendString@str                   cstackCOMMON 00072
sprintf@ap                       cstackBANK0  00032
sprintf@c                        cstackBANK0  00038
sprintf@cp                       cstackBANK0  0002F
sprintf@f                        cstackBANK0  00020
sprintf@flag                     cstackBANK0  0003A
sprintf@idx                      cstackBANK0  0002E
sprintf@len                      cstackBANK0  00030
sprintf@prec                     cstackBANK0  00035
sprintf@sp                       cstackBANK0  00039
sprintf@val                      cstackBANK0  00033
sprintf@width                    cstackBANK0  00036
stackhi                          (abs)        0206F
stacklo                          (abs)        0204C
start                            init         00001
start_initialization             cinit        007FE
wtemp0                           (abs)        0007E


FUNCTION INFORMATION:

 *************** function _main *****************
 Defined at:
		line 54 in file "main.c"
 Parameters:    Size  Location     Type
		None
 Auto vars:     Size  Location     Type
  adcval          2   74[BANK0 ] unsigned int 
  i               2    0        unsigned int 
 Return value:  Size  Location     Type
                  1    wreg      void 
 Registers used:
		wreg, fsr0l, fsr0h, fsr1l, fsr1h, status,2, status,0, pclath, cstack
 Tracked objects:
		On entry : 
		On exit  : 
		Unchanged: 
 Data sizes:     COMMON   BANK0   BANK1
      Params:         0       0       0
      Locals:         0       2       0
      Temps:          0       0       0
      Totals:         0       2       0
Total ram usage:        2 bytes
 Hardware stack levels required when called:    3
 This function calls:
		_ADC_GetConversion
		_SYSTEM_Initialize
		___ftmul
		___fttol
		___lwtoft
		_addlog
		_delay_us
 This function is called by:
		Startup code after reset
 This function uses a non-reentrant model


 *************** function _delay_us *****************
 Defined at:
		line 9 in file "delay.c"
 Parameters:    Size  Location     Type
  t               2    0[COMMON] unsigned int 
 Auto vars:     Size  Location     Type
  j               2    4[COMMON] unsigned int 
  i               2    2[COMMON] unsigned int 
 Return value:  Size  Location     Type
                  1    wreg      void 
 Registers used:
		wreg, status,2
 Tracked objects:
		On entry : 
		On exit  : 
		Unchanged: 
 Data sizes:     COMMON   BANK0   BANK1
      Params:         2       0       0
      Locals:         4       0       0
      Temps:          0       0       0
      Totals:         6       0       0
Total ram usage:        6 bytes
 Hardware stack levels used:    1
 This function calls:
		Nothing
 This function is called by:
		_main
 This function uses a non-reentrant model


 *************** function _addlog *****************
 Defined at:
		line 19 in file "uart.c"
 Parameters:    Size  Location     Type
  tmp             2   30[BANK0 ] PTR const unsigned char 
		 -> STR_1(19), 
  data            2   32[BANK0 ] const unsigned int 
 Auto vars:     Size  Location     Type
  buf            40   34[BANK0 ] unsigned char [40]
 Return value:  Size  Location     Type
                  1    wreg      void 
 Registers used:
		wreg, fsr0l, fsr0h, fsr1l, fsr1h, status,2, status,0, pclath, cstack
 Tracked objects:
		On entry : 
		On exit  : 
		Unchanged: 
 Data sizes:     COMMON   BANK0   BANK1
      Params:         0       4       0
      Locals:         0      40       0
      Temps:          0       0       0
      Totals:         0      44       0
Total ram usage:       44 bytes
 Hardware stack levels used:    1
 Hardware stack levels required when called:    2
 This function calls:
		_sendString
		_sprintf
 This function is called by:
		_main
 This function uses a non-reentrant model


 *************** function _sprintf *****************
 Defined at:
		line 492 in file "C:\Program Files (x86)\Microchip\xc8\v1.45\sources\common\doprnt.c"
 Parameters:    Size  Location     Type
  sp              1    wreg     PTR unsigned char 
		 -> addlog@buf(40), 
  f               2    0[BANK0 ] PTR const unsigned char 
		 -> STR_1(19), 
 Auto vars:     Size  Location     Type
  sp              1   25[BANK0 ] PTR unsigned char 
		 -> addlog@buf(40), 
  idx             1   14[BANK0 ] unsigned char 
  tmpval          4    0        struct .
  flag            2   26[BANK0 ] unsigned short 
  width           2   22[BANK0 ] int 
  val             2   19[BANK0 ] unsigned int 
  len             2   16[BANK0 ] unsigned int 
  c               1   24[BANK0 ] char 
  prec            1   21[BANK0 ] char 
  ap              1   18[BANK0 ] PTR void [1]
		 -> ?_sprintf(2), 
  cp              1   15[BANK0 ] PTR const unsigned char 
		 -> sprintf@c(1), 
 Return value:  Size  Location     Type
                  2    0[BANK0 ] int 
 Registers used:
		wreg, fsr0l, fsr0h, fsr1l, fsr1h, status,2, status,0, pclath, cstack
 Tracked objects:
		On entry : 
		On exit  : 
		Unchanged: 
 Data sizes:     COMMON   BANK0   BANK1
      Params:         0       4       0
      Locals:         0      20       0
      Temps:          0       4       0
      Totals:         0      28       0
Total ram usage:       28 bytes
 Hardware stack levels used:    1
 Hardware stack levels required when called:    1
 This function calls:
		___bmul
		___lwdiv
		___lwmod
		___wmul
		_isdigit
 This function is called by:
		_addlog
 This function uses a non-reentrant model


 *************** function _isdigit *****************
 Defined at:
		line 8 in file "C:\Program Files (x86)\Microchip\xc8\v1.45\sources\common\isdigit.c"
 Parameters:    Size  Location     Type
  c               1    wreg     unsigned char 
 Auto vars:     Size  Location     Type
  c               1    1[COMMON] unsigned char 
 Return value:  Size  Location     Type
		None               void
 Registers used:
		wreg, status,2, status,0
 Tracked objects:
		On entry : 
		On exit  : 
		Unchanged: 
 Data sizes:     COMMON   BANK0   BANK1
      Params:         0       0       0
      Locals:         2       0       0
      Temps:          0       0       0
      Totals:         2       0       0
Total ram usage:        2 bytes
 Hardware stack levels used:    1
 This function calls:
		Nothing
 This function is called by:
		_sprintf
 This function uses a non-reentrant model


 *************** function ___wmul *****************
 Defined at:
		line 15 in file "C:\Program Files (x86)\Microchip\xc8\v1.45\sources\common\Umul16.c"
 Parameters:    Size  Location     Type
  multiplier      2    0[COMMON] unsigned int 
  multiplicand    2    2[COMMON] unsigned int 
 Auto vars:     Size  Location     Type
  product         2    4[COMMON] unsigned int 
 Return value:  Size  Location     Type
                  2    0[COMMON] unsigned int 
 Registers used:
		wreg, status,2, status,0
 Tracked objects:
		On entry : 
		On exit  : 
		Unchanged: 
 Data sizes:     COMMON   BANK0   BANK1
      Params:         4       0       0
      Locals:         2       0       0
      Temps:          0       0       0
      Totals:         6       0       0
Total ram usage:        6 bytes
 Hardware stack levels used:    1
 This function calls:
		Nothing
 This function is called by:
		_sprintf
 This function uses a non-reentrant model


 *************** function ___lwmod *****************
 Defined at:
		line 6 in file "C:\Program Files (x86)\Microchip\xc8\v1.45\sources\common\lwmod.c"
 Parameters:    Size  Location     Type
  divisor         2    8[COMMON] unsigned int 
  dividend        2   10[COMMON] unsigned int 
 Auto vars:     Size  Location     Type
  counter         1   13[COMMON] unsigned char 
 Return value:  Size  Location     Type
                  2    8[COMMON] unsigned int 
 Registers used:
		wreg, status,2, status,0
 Tracked objects:
		On entry : 
		On exit  : 
		Unchanged: 
 Data sizes:     COMMON   BANK0   BANK1
      Params:         4       0       0
      Locals:         1       0       0
      Temps:          1       0       0
      Totals:         6       0       0
Total ram usage:        6 bytes
 Hardware stack levels used:    1
 This function calls:
		Nothing
 This function is called by:
		_sprintf
 This function uses a non-reentrant model


 *************** function ___lwdiv *****************
 Defined at:
		line 6 in file "C:\Program Files (x86)\Microchip\xc8\v1.45\sources\common\lwdiv.c"
 Parameters:    Size  Location     Type
  divisor         2    0[COMMON] unsigned int 
  dividend        2    2[COMMON] unsigned int 
 Auto vars:     Size  Location     Type
  quotient        2    5[COMMON] unsigned int 
  counter         1    7[COMMON] unsigned char 
 Return value:  Size  Location     Type
                  2    0[COMMON] unsigned int 
 Registers used:
		wreg, status,2, status,0
 Tracked objects:
		On entry : 
		On exit  : 
		Unchanged: 
 Data sizes:     COMMON   BANK0   BANK1
      Params:         4       0       0
      Locals:         3       0       0
      Temps:          1       0       0
      Totals:         8       0       0
Total ram usage:        8 bytes
 Hardware stack levels used:    1
 This function calls:
		Nothing
 This function is called by:
		_sprintf
 This function uses a non-reentrant model


 *************** function ___bmul *****************
 Defined at:
		line 4 in file "C:\Program Files (x86)\Microchip\xc8\v1.45\sources\common\Umul8.c"
 Parameters:    Size  Location     Type
  multiplier      1    wreg     unsigned char 
  multiplicand    1    0[COMMON] unsigned char 
 Auto vars:     Size  Location     Type
  multiplier      1    3[COMMON] unsigned char 
  product         1    2[COMMON] unsigned char 
 Return value:  Size  Location     Type
                  1    wreg      unsigned char 
 Registers used:
		wreg, status,2, status,0
 Tracked objects:
		On entry : 
		On exit  : 
		Unchanged: 
 Data sizes:     COMMON   BANK0   BANK1
      Params:         1       0       0
      Locals:         2       0       0
      Temps:          1       0       0
      Totals:         4       0       0
Total ram usage:        4 bytes
 Hardware stack levels used:    1
 This function calls:
		Nothing
 This function is called by:
		_sprintf
 This function uses a non-reentrant model


 *************** function _sendString *****************
 Defined at:
		line 12 in file "uart.c"
 Parameters:    Size  Location     Type
  str             1    wreg     PTR const unsigned char 
		 -> addlog@buf(40), 
 Auto vars:     Size  Location     Type
  str             1    2[COMMON] PTR const unsigned char 
		 -> addlog@buf(40), 
 Return value:  Size  Location     Type
                  1    wreg      void 
 Registers used:
		wreg, fsr1l, fsr1h, status,2, status,0, pclath, cstack
 Tracked objects:
		On entry : 
		On exit  : 
		Unchanged: 
 Data sizes:     COMMON   BANK0   BANK1
      Params:         0       0       0
      Locals:         1       0       0
      Temps:          1       0       0
      Totals:         2       0       0
Total ram usage:        2 bytes
 Hardware stack levels used:    1
 Hardware stack levels required when called:    1
 This function calls:
		_EUSART_Write
 This function is called by:
		_addlog
 This function uses a non-reentrant model


 *************** function _EUSART_Write *****************
 Defined at:
		line 96 in file "mcc_generated_files/eusart.c"
 Parameters:    Size  Location     Type
  txData          1    wreg     unsigned char 
 Auto vars:     Size  Location     Type
  txData          1    0[COMMON] unsigned char 
 Return value:  Size  Location     Type
                  1    wreg      void 
 Registers used:
		wreg
 Tracked objects:
		On entry : 
		On exit  : 
		Unchanged: 
 Data sizes:     COMMON   BANK0   BANK1
      Params:         0       0       0
      Locals:         1       0       0
      Temps:          0       0       0
      Totals:         1       0       0
Total ram usage:        1 bytes
 Hardware stack levels used:    1
 This function calls:
		Nothing
 This function is called by:
		_sendString
 This function uses a non-reentrant model


 *************** function ___lwtoft *****************
 Defined at:
		line 28 in file "C:\Program Files (x86)\Microchip\xc8\v1.45\sources\common\lwtoft.c"
 Parameters:    Size  Location     Type
  c               2    8[COMMON] unsigned int 
 Auto vars:     Size  Location     Type
		None
 Return value:  Size  Location     Type
                  3    8[COMMON] float 
 Registers used:
		wreg, status,2, status,0, pclath, cstack
 Tracked objects:
		On entry : 
		On exit  : 
		Unchanged: 
 Data sizes:     COMMON   BANK0   BANK1
      Params:         3       0       0
      Locals:         0       0       0
      Temps:          1       0       0
      Totals:         4       0       0
Total ram usage:        4 bytes
 Hardware stack levels used:    1
 Hardware stack levels required when called:    1
 This function calls:
		___ftpack
 This function is called by:
		_main
 This function uses a non-reentrant model


 *************** function ___fttol *****************
 Defined at:
		line 44 in file "C:\Program Files (x86)\Microchip\xc8\v1.45\sources\common\fttol.c"
 Parameters:    Size  Location     Type
  f1              3   16[BANK0 ] float 
 Auto vars:     Size  Location     Type
  lval            4   25[BANK0 ] unsigned long 
  exp1            1   29[BANK0 ] unsigned char 
  sign1           1   24[BANK0 ] unsigned char 
 Return value:  Size  Location     Type
                  4   16[BANK0 ] long 
 Registers used:
		wreg, status,2, status,0
 Tracked objects:
		On entry : 
		On exit  : 
		Unchanged: 
 Data sizes:     COMMON   BANK0   BANK1
      Params:         0       4       0
      Locals:         0       6       0
      Temps:          0       4       0
      Totals:         0      14       0
Total ram usage:       14 bytes
 Hardware stack levels used:    1
 This function calls:
		Nothing
 This function is called by:
		_main
 This function uses a non-reentrant model


 *************** function ___ftmul *****************
 Defined at:
		line 62 in file "C:\Program Files (x86)\Microchip\xc8\v1.45\sources\common\ftmul.c"
 Parameters:    Size  Location     Type
  f1              3    0[BANK0 ] float 
  f2              3    3[BANK0 ] float 
 Auto vars:     Size  Location     Type
  f3_as_produc    3   11[BANK0 ] unsigned um
  sign            1   15[BANK0 ] unsigned char 
  cntr            1   14[BANK0 ] unsigned char 
  exp             1   10[BANK0 ] unsigned char 
 Return value:  Size  Location     Type
                  3    0[BANK0 ] float 
 Registers used:
		wreg, status,2, status,0, pclath, cstack
 Tracked objects:
		On entry : 
		On exit  : 
		Unchanged: 
 Data sizes:     COMMON   BANK0   BANK1
      Params:         0       6       0
      Locals:         0       6       0
      Temps:          0       4       0
      Totals:         0      16       0
Total ram usage:       16 bytes
 Hardware stack levels used:    1
 Hardware stack levels required when called:    1
 This function calls:
		___ftpack
 This function is called by:
		_main
 This function uses a non-reentrant model


 *************** function ___ftpack *****************
 Defined at:
		line 62 in file "C:\Program Files (x86)\Microchip\xc8\v1.45\sources\common\float.c"
 Parameters:    Size  Location     Type
  arg             3    0[COMMON] unsigned um
  exp             1    3[COMMON] unsigned char 
  sign            1    4[COMMON] unsigned char 
 Auto vars:     Size  Location     Type
		None
 Return value:  Size  Location     Type
                  3    0[COMMON] float 
 Registers used:
		wreg, status,2, status,0
 Tracked objects:
		On entry : 
		On exit  : 
		Unchanged: 
 Data sizes:     COMMON   BANK0   BANK1
      Params:         5       0       0
      Locals:         0       0       0
      Temps:          3       0       0
      Totals:         8       0       0
Total ram usage:        8 bytes
 Hardware stack levels used:    1
 This function calls:
		Nothing
 This function is called by:
		___ftmul
		___lwtoft
 This function uses a non-reentrant model


 *************** function _SYSTEM_Initialize *****************
 Defined at:
		line 70 in file "mcc_generated_files/mcc.c"
 Parameters:    Size  Location     Type
		None
 Auto vars:     Size  Location     Type
		None
 Return value:  Size  Location     Type
                  1    wreg      void 
 Registers used:
		wreg, status,2, status,0, pclath, cstack
 Tracked objects:
		On entry : 
		On exit  : 
		Unchanged: 
 Data sizes:     COMMON   BANK0   BANK1
      Params:         0       0       0
      Locals:         0       0       0
      Temps:          0       0       0
      Totals:         0       0       0
Total ram usage:        0 bytes
 Hardware stack levels used:    1
 Hardware stack levels required when called:    2
 This function calls:
		_ADC_Initialize
		_EPWM1_Initialize
		_EUSART_Initialize
		_OSCILLATOR_Initialize
		_PIN_MANAGER_Initialize
		_TMR2_Initialize
 This function is called by:
		_main
 This function uses a non-reentrant model


 *************** function _TMR2_Initialize *****************
 Defined at:
		line 58 in file "mcc_generated_files/tmr2.c"
 Parameters:    Size  Location     Type
		None
 Auto vars:     Size  Location     Type
		None
 Return value:  Size  Location     Type
                  1    wreg      void 
 Registers used:
		wreg, status,2, status,0, pclath, cstack
 Tracked objects:
		On entry : 
		On exit  : 
		Unchanged: 
 Data sizes:     COMMON   BANK0   BANK1
      Params:         0       0       0
      Locals:         0       0       0
      Temps:          0       0       0
      Totals:         0       0       0
Total ram usage:        0 bytes
 Hardware stack levels used:    1
 Hardware stack levels required when called:    1
 This function calls:
		_TMR2_StartTimer
 This function is called by:
		_SYSTEM_Initialize
 This function uses a non-reentrant model


 *************** function _TMR2_StartTimer *****************
 Defined at:
		line 78 in file "mcc_generated_files/tmr2.c"
 Parameters:    Size  Location     Type
		None
 Auto vars:     Size  Location     Type
		None
 Return value:  Size  Location     Type
                  1    wreg      void 
 Registers used:
		None
 Tracked objects:
		On entry : 
		On exit  : 
		Unchanged: 
 Data sizes:     COMMON   BANK0   BANK1
      Params:         0       0       0
      Locals:         0       0       0
      Temps:          0       0       0
      Totals:         0       0       0
Total ram usage:        0 bytes
 Hardware stack levels used:    1
 This function calls:
		Nothing
 This function is called by:
		_TMR2_Initialize
 This function uses a non-reentrant model


 *************** function _PIN_MANAGER_Initialize *****************
 Defined at:
		line 50 in file "mcc_generated_files/pin_manager.c"
 Parameters:    Size  Location     Type
		None
 Auto vars:     Size  Location     Type
		None
 Return value:  Size  Location     Type
                  1    wreg      void 
 Registers used:
		wreg, status,2
 Tracked objects:
		On entry : 
		On exit  : 
		Unchanged: 
 Data sizes:     COMMON   BANK0   BANK1
      Params:         0       0       0
      Locals:         0       0       0
      Temps:          0       0       0
      Totals:         0       0       0
Total ram usage:        0 bytes
 Hardware stack levels used:    1
 This function calls:
		Nothing
 This function is called by:
		_SYSTEM_Initialize
 This function uses a non-reentrant model


 *************** function _OSCILLATOR_Initialize *****************
 Defined at:
		line 80 in file "mcc_generated_files/mcc.c"
 Parameters:    Size  Location     Type
		None
 Auto vars:     Size  Location     Type
		None
 Return value:  Size  Location     Type
                  1    wreg      void 
 Registers used:
		wreg, status,2
 Tracked objects:
		On entry : 
		On exit  : 
		Unchanged: 
 Data sizes:     COMMON   BANK0   BANK1
      Params:         0       0       0
      Locals:         0       0       0
      Temps:          0       0       0
      Totals:         0       0       0
Total ram usage:        0 bytes
 Hardware stack levels used:    1
 This function calls:
		Nothing
 This function is called by:
		_SYSTEM_Initialize
 This function uses a non-reentrant model


 *************** function _EUSART_Initialize *****************
 Defined at:
		line 56 in file "mcc_generated_files/eusart.c"
 Parameters:    Size  Location     Type
		None
 Auto vars:     Size  Location     Type
		None
 Return value:  Size  Location     Type
                  1    wreg      void 
 Registers used:
		wreg
 Tracked objects:
		On entry : 
		On exit  : 
		Unchanged: 
 Data sizes:     COMMON   BANK0   BANK1
      Params:         0       0       0
      Locals:         0       0       0
      Temps:          0       0       0
      Totals:         0       0       0
Total ram usage:        0 bytes
 Hardware stack levels used:    1
 This function calls:
		Nothing
 This function is called by:
		_SYSTEM_Initialize
 This function uses a non-reentrant model


 *************** function _EPWM1_Initialize *****************
 Defined at:
		line 64 in file "mcc_generated_files/epwm1.c"
 Parameters:    Size  Location     Type
		None
 Auto vars:     Size  Location     Type
		None
 Return value:  Size  Location     Type
                  1    wreg      void 
 Registers used:
		wreg, status,2
 Tracked objects:
		On entry : 
		On exit  : 
		Unchanged: 
 Data sizes:     COMMON   BANK0   BANK1
      Params:         0       0       0
      Locals:         0       0       0
      Temps:          0       0       0
      Totals:         0       0       0
Total ram usage:        0 bytes
 Hardware stack levels used:    1
 This function calls:
		Nothing
 This function is called by:
		_SYSTEM_Initialize
 This function uses a non-reentrant model


 *************** function _ADC_Initialize *****************
 Defined at:
		line 59 in file "mcc_generated_files/adc.c"
 Parameters:    Size  Location     Type
		None
 Auto vars:     Size  Location     Type
		None
 Return value:  Size  Location     Type
                  1    wreg      void 
 Registers used:
		wreg, status,2
 Tracked objects:
		On entry : 
		On exit  : 
		Unchanged: 
 Data sizes:     COMMON   BANK0   BANK1
      Params:         0       0       0
      Locals:         0       0       0
      Temps:          0       0       0
      Totals:         0       0       0
Total ram usage:        0 bytes
 Hardware stack levels used:    1
 This function calls:
		Nothing
 This function is called by:
		_SYSTEM_Initialize
 This function uses a non-reentrant model


 *************** function _ADC_GetConversion *****************
 Defined at:
		line 102 in file "mcc_generated_files/adc.c"
 Parameters:    Size  Location     Type
  channel         1    wreg     enum E2216
 Auto vars:     Size  Location     Type
  channel         1    3[COMMON] enum E2216
 Return value:  Size  Location     Type
                  2    0[COMMON] unsigned int 
 Registers used:
		wreg, status,2, status,0
 Tracked objects:
		On entry : 
		On exit  : 
		Unchanged: 
 Data sizes:     COMMON   BANK0   BANK1
      Params:         2       0       0
      Locals:         1       0       0
      Temps:          1       0       0
      Totals:         4       0       0
Total ram usage:        4 bytes
 Hardware stack levels used:    1
 This function calls:
		Nothing
 This function is called by:
		_main
 This function uses a non-reentrant model



MODULE INFORMATION

Module		Function		Class		Link	Load	Size
delay.c
		_delay_us      		CODE           	0154	0000	36

delay.c estimated size: 36

C:\Program Files (x86)\Microchip\xc8\v1.45\sources\common\float.c
		___ftpack      		CODE           	020D	0000	101

C:\Program Files (x86)\Microchip\xc8\v1.45\sources\common\float.c estimated size: 101

C:\Program Files (x86)\Microchip\xc8\v1.45\sources\common\doprnt.c
		_sprintf       		CODE           	03AB	0000	1108

C:\Program Files (x86)\Microchip\xc8\v1.45\sources\common\doprnt.c estimated size: 1108

uart.c
		_addlog        		CODE           	0096	0000	15
		_sendString    		CODE           	00B4	0000	18

uart.c estimated size: 33

mcc_generated_files/tmr2.c
		_TMR2_Initialize		CODE           	004B	0000	9
		_TMR2_StartTimer		CODE           	0033	0000	4

mcc_generated_files/tmr2.c estimated size: 13

C:\Program Files (x86)\Microchip\xc8\v1.45\sources\common\Umul16.c
		___wmul        		CODE           	011E	0000	28

C:\Program Files (x86)\Microchip\xc8\v1.45\sources\common\Umul16.c estimated size: 28

mcc_generated_files/pin_manager.c
		_PIN_MANAGER_Initialize		CODE           	00A4	0000	17

mcc_generated_files/pin_manager.c estimated size: 17

C:\Program Files (x86)\Microchip\xc8\v1.45\sources\common\isdigit.c
		_isdigit       		CODE           	0088	0000	15

C:\Program Files (x86)\Microchip\xc8\v1.45\sources\common\isdigit.c estimated size: 15

C:\Program Files (x86)\Microchip\xc8\v1.45\sources\common\lwmod.c
		___lwmod       		CODE           	0177	0000	45

C:\Program Files (x86)\Microchip\xc8\v1.45\sources\common\lwmod.c estimated size: 45

C:\Program Files (x86)\Microchip\xc8\v1.45\sources\common\ftmul.c
		___ftmul       		CODE           	02F8	0000	180

C:\Program Files (x86)\Microchip\xc8\v1.45\sources\common\ftmul.c estimated size: 180

mcc_generated_files/adc.c
		_ADC_Initialize		CODE           	0043	0000	9
		_ADC_GetConversion		CODE           	010A	0000	21

mcc_generated_files/adc.c estimated size: 30

shared
		_dpowers       		STRCODE        	005B	0000	11
		__initialization		CODE           	07FE	0000	1
		_octpowers     		STRCODE        	007C	0000	13
		_hexpowers     		STRCODE        	0139	0000	9

shared estimated size: 34

mcc_generated_files/mcc.c
		_OSCILLATOR_Initialize		CODE           	0036	0000	7
		_SYSTEM_Initialize		CODE           	003C	0000	8

mcc_generated_files/mcc.c estimated size: 15

C:\Program Files (x86)\Microchip\xc8\v1.45\sources\common\fttol.c
		___fttol       		CODE           	0271	0000	136

C:\Program Files (x86)\Microchip\xc8\v1.45\sources\common\fttol.c estimated size: 136

C:\Program Files (x86)\Microchip\xc8\v1.45\sources\common\lwdiv.c
		___lwdiv       		CODE           	01A3	0000	53

C:\Program Files (x86)\Microchip\xc8\v1.45\sources\common\lwdiv.c estimated size: 53

mcc_generated_files/epwm1.c
		_EPWM1_Initialize		CODE           	0065	0000	12

mcc_generated_files/epwm1.c estimated size: 12

mcc_generated_files/eusart.c
		_EUSART_Write  		CODE           	0053	0000	9
		_EUSART_Initialize		CODE           	0070	0000	13

mcc_generated_files/eusart.c estimated size: 22

C:\Program Files (x86)\Microchip\xc8\v1.45\sources\common\Umul8.c
		___bmul        		CODE           	00C5	0000	18

C:\Program Files (x86)\Microchip\xc8\v1.45\sources\common\Umul8.c estimated size: 18

main.c
		_main          		CODE           	01D7	0000	55

main.c estimated size: 55

C:\Program Files (x86)\Microchip\xc8\v1.45\sources\common\lwtoft.c
		___lwtoft      		CODE           	00F8	0000	19

C:\Program Files (x86)\Microchip\xc8\v1.45\sources\common\lwtoft.c estimated size: 19

